"","MIC_003_HMP","MIC_009_HMP","MIC_010_HMP","MIC_011_HMP","MIC_012_HMP","MIC_013_HMP","MIC_017_HMP","MIC_019_HMP","MIC_022_HMP","MIC_026_HMP","MIC_033_HMP","MIC_034_HMP","MIC_047_HMP","MIC_050_HMP","MIC_052_HMP","MIC_055_HMP","MIC_056_HMP","MIC_059_HMP","MIC_062_HMP","MIC_064_HMP","MIC_065_HMP","MIC_005_HMP","MIC_006_HMP","MIC_007_HMP","MIC_014_HMP","MIC_015_HMP","MIC_020_HMP","MIC_023_HMP","MIC_025_HMP","MIC_027_HMP","MIC_028_HMP","MIC_029_HMP","MIC_032_HMP","MIC_036_HMP","MIC_037_HMP","MIC_039_HMP","MIC_040_HMP","MIC_043_HMP","MIC_044_HMP","MIC_045_HMP","MIC_049_HMP","MIC_058_HMP","MIC_063_HMP","MIC_066_HMP","MIC_067_HMP"
"Otu0001",130,709,1107,218,538,1071,162,885,217,483,1164,1782,1854,682,1917,436,23,81,296,2280,2338,21,3768,858,3636,966,660,1329,93,818,1448,1806,1118,1004,197,2045,3675,1912,863,3158,494,764,1071,8546,890
"Otu0005",7,123,175,17,742,53,14,24,10,493,42,73,42,488,1049,106,23,11,157,40,372,1,1359,1,2617,42,267,29,12,108,60,575,1,191,90,3391,2246,1053,5,1416,507,239,7,312,64
"Otu0006",0,22,57,4,24,22,3,1,1,89,1,2,8,281,668,14,12,4,52,11,51,0,822,0,1404,0,0,11,3,22,19,67,1,61,20,582,2960,440,1,2,300,175,7,129,0
"Otu0020",1,48,13,0,619,36,2,11,18,99,10,11,12,319,1139,49,6,3,309,18,57,0,1409,1,364,5,1,14,2,25,23,126,2,15,72,1533,720,3,2,4,266,120,0,49,2
"Otu0025",1,102,59,4,26,344,11,30,5,37,48,33,138,25,121,85,1,1,24,13,14,1,74,107,60,46,247,448,4,37,424,210,130,14,8,83,31,64,63,484,30,29,9,48,89
"Otu0030",0,6,72,8,1,182,4,4,1,3,0,15,2,0,6,11,2,8,1,8,17,0,2,62,819,331,0,108,7,11,111,20,0,9,2,7,9,148,1,0,2,19,4,33,4
"Otu0046",0,0,22,1,1,30,1,0,0,0,217,3,6,0,1,3,0,1,0,6,9,1,2,0,206,35,0,30,0,6,24,0,0,0,0,0,0,0,0,0,1,4,0,8,1
